// Jest Snapshot v1, https://jestjs.io/docs/snapshot-testing

exports[`CountryDetailHeader matches snapshot 1`] = `
<div>
  <div
    class="bg-linear-to-r from-gray-50 to-gray-100 px-8 py-6 border-b border-gray-200"
  >
    <div
      class="flex items-center gap-6"
    >
      <img
        alt="The flag of the United States of America"
        class="object-cover rounded border-2 border-gray-300"
        height="64"
        src="https://flagcdn.com/us.svg"
        width="96"
      />
      <div>
        <h1
          class="text-3xl font-bold text-gray-900"
        >
          United States
        </h1>
        <p
          class="text-lg text-gray-600 mt-1"
        >
          United States of America
        </p>
        <p
          class="text-sm text-gray-500 mt-1"
        >
          ISO Code: 
          USA
        </p>
      </div>
    </div>
  </div>
</div>
`;
